// Jest Snapshot v1, https://goo.gl/fbAQLP

exports[`Page renders homepage unchanged 1`] = `
<div>
  <main
    class="flex min-h-screen flex-col items-center justify-between p-24"
  >
    <div>
      <h1>
        Home
      </h1>
      <a
        href="/about"
      >
        About
      </a>
      <div
        class="bg-white p-6"
      >
        <div
          class="mb-6 rounded-md bg-grey-100 px-4 py-2 align-middle outline outline-2 outline-grey-200"
        >
          <div
            class="align-center flex flex-row items-center justify-center gap-3"
          >
            <div
              class="outline-3 h-[8px] w-[8px] rounded-lg bg-success outline outline-success-light"
            />
            <p
              class="text-success"
            >
              In stock
            </p>
          </div>
        </div>
        <button
          class="rounded-full bg-primary px-4 py-2 font-bold text-white"
        >
          test button
        </button>
      </div>
    </div>
  </main>
</div>
`;
